../Core/Src/main.c:78:6:Write7segsel	16	static
../Core/Src/main.c:104:6:SensorInit	8	static
../Core/Src/main.c:149:5:main	8	static
../Core/Src/main.c:209:6:SystemClock_Config	88	static
../Core/Src/main.c:257:13:MX_SPI2_Init	8	static
../Core/Src/main.c:295:13:MX_SPI3_Init	8	static
../Core/Src/main.c:333:13:MX_TIM10_Init	8	static
../Core/Src/main.c:364:13:MX_TIM11_Init	8	static
../Core/Src/main.c:395:13:MX_USART2_UART_Init	8	static
../Core/Src/main.c:428:13:MX_GPIO_Init	48	static
../Core/Src/main.c:489:6:HAL_TIM_PeriodElapsedCallback	16	static
../Core/Src/main.c:569:6:HAL_GPIO_EXTI_Callback	16	static
../Core/Src/main.c:594:6:Error_Handler	4	static,ignoring_inline_asm
