../Core/Src/main.c:77:6:Write7segsel	16	static
../Core/Src/main.c:103:6:SensorInit	8	static
../Core/Src/main.c:148:5:main	8	static
../Core/Src/main.c:233:6:SystemClock_Config	88	static
../Core/Src/main.c:281:13:MX_SPI2_Init	8	static
../Core/Src/main.c:319:13:MX_SPI3_Init	8	static
../Core/Src/main.c:357:13:MX_TIM10_Init	8	static
../Core/Src/main.c:388:13:MX_TIM11_Init	8	static
../Core/Src/main.c:419:13:MX_USART2_UART_Init	8	static
../Core/Src/main.c:452:13:MX_GPIO_Init	48	static
../Core/Src/main.c:503:6:HAL_TIM_PeriodElapsedCallback	16	static
../Core/Src/main.c:583:6:HAL_GPIO_EXTI_Callback	16	static
../Core/Src/main.c:598:6:Error_Handler	4	static,ignoring_inline_asm
